src/app/(dashboard)/analysis/[id]/page.tsx(210,59): error TS2352: Conversion of type 'number' to type 'string' may be a mistake because neither type sufficiently overlaps with the other. If this was intentional, convert the expression to 'unknown' first.
src/app/(dashboard)/analysis/[id]/page.tsx(265,39): error TS2345: Argument of type 'string' is not assignable to parameter of type 'SetStateAction<number | null>'.
src/app/(dashboard)/dashboard/page.tsx(262,55): error TS7006: Parameter 'open' implicitly has an 'any' type.
src/components/ai/AIChatPanel.tsx(147,52): error TS2322: Type '{ children: string; className: string; }' is not assignable to type 'IntrinsicAttributes & Readonly<Options>'.
  Property 'className' does not exist on type 'IntrinsicAttributes & Readonly<Options>'.
src/components/analysis/ChartBuilder.tsx(73,70): error TS7006: Parameter 'v' implicitly has an 'any' type.
src/components/analysis/ChartBuilder.tsx(85,70): error TS7006: Parameter 'v' implicitly has an 'any' type.
src/components/analysis/ChartBuilder.tsx(97,68): error TS7006: Parameter 'v' implicitly has an 'any' type.
src/components/analysis/ChartRenderer.tsx(143,43): error TS2322: Type 'string | number' is not assignable to type 'number | `${number}%` | undefined'.
  Type 'string' is not assignable to type 'number | `${number}%` | undefined'.
src/components/analysis/DataCleaningPanel.tsx(318,37): error TS2322: Type '"secondary"' is not assignable to type '"link" | "destructive" | "default" | "ghost" | "outline" | undefined'.
src/components/analysis/DataCleaningPanel.tsx(430,63): error TS2322: Type '"secondary"' is not assignable to type '"link" | "destructive" | "default" | "ghost" | "outline" | undefined'.
src/components/analysis/DataCleaningPanel.tsx(472,63): error TS2322: Type '"secondary"' is not assignable to type '"link" | "destructive" | "default" | "ghost" | "outline" | undefined'.
src/components/analysis/DataCleaningPanel.tsx(491,63): error TS2322: Type '"secondary"' is not assignable to type '"link" | "destructive" | "default" | "ghost" | "outline" | undefined'.
src/components/analysis/DataCleaningPanel.tsx(500,65): error TS7006: Parameter 'val' implicitly has an 'any' type.
src/components/analysis/GlobalSlicer.tsx(61,86): error TS7006: Parameter 'v' implicitly has an 'any' type.
src/components/analysis/GlobalSlicer.tsx(73,88): error TS7006: Parameter 'v' implicitly has an 'any' type.
